|TEST 1 1234567890| s=22 l=17 RESIZED
|TEST 2 1| s=22 l=8
|TEST 3 12345| s=22 l=12
|TEST 4 1| s=22 l=8
|TEST 5 12345678901| s=22 l=18
|TEST 6 1| s=22 l=8
|TEST 7 123456789012| s=22 l=19
|TEST 8 12345| s=22 l=12
|TEST 9 1| s=22 l=8
|TEST 10 1234567890123| s=22 l=21
|TEST 11 12345| s=22 l=13
|TEST 12 1| s=22 l=9
|TEST 13 123456789012345| s=30 l=23 RESIZED
|TEST 14 | s=30 l=8
|TEST 15 aa| s=30 l=10
|| s=30 l=0
